// Jest Snapshot v1, https://goo.gl/fbAQLP

exports[`renderer should render welcome screen 1`] = `
<div>
  <Markdown
    text="
# Welcome to Vue Styleguidist!

**We couldnâ€™t find any components** using these patterns:

- \`foo/*.js\`
- \`bar/*.js\`

Create **styleguide.config.js** file in your project root directory like this:

    module.exports = {
      components: 'src/components/**/*.vue'
    };

Read more in the [locating components guide](https://github.com/vue-styleguidist/vue-styleguidist/blob/master/docs/Components.md).
				"
  />
</div>
`;
